// Jest Snapshot v1, https://goo.gl/fbAQLP

exports[`habit component render habit component 1`] = `
<li
  className="habit"
>
  <span
    className="habit-name"
    data-testid="habit-name"
  >
    Habit
  </span>
  <span
    className="habit-count"
    data-testid="habit-count"
  >
    4
  </span>
  <button
    className="habit-button habit-increase"
    onClick={[Function]}
    title="increase"
  >
    <i
      className="fas fa-plus-square"
    />
  </button>
  <button
    className="habit-button habit-decrease"
    onClick={[Function]}
    title="decrease"
  >
    <i
      className="fas fa-minus-square"
    />
  </button>
  <button
    className="habit-button habit-delete"
    onClick={[Function]}
    title="delete"
  >
    <i
      className="fas fa-trash"
    />
  </button>
</li>
`;
