// Jest Snapshot v1, https://goo.gl/fbAQLP

exports[`render navbar renders 1`] = `
<nav
  className="navbar"
>
  <i
    className="navbar-logo fas fa-leaf"
  />
  <span>
    Habit Tracker
  </span>
  <span
    className="navbar-count"
  >
    4
  </span>
</nav>
`;
